[init-verify] trainer.model vs /home/rick/geta_ofa/yolo26s-objv1-150.pt: 'model.0.conv.weight' identical=True; 696/708 src tensors identical
                   all       5000      36335      0.549      0.196      0.222      0.159
                   all       5000      36335       0.57      0.469      0.487      0.341
                   all       5000      36335      0.612      0.494      0.521      0.368
                   all       5000      36335      0.618      0.505      0.533      0.377
                   all       5000      36335      0.638      0.504      0.542      0.384
                   all       5000      36335      0.625      0.516      0.546      0.388
                   all       5000      36335      0.643      0.512      0.553      0.394
                   all       5000      36335      0.643      0.514      0.555      0.398
                   all       5000      36335      0.635      0.518      0.556      0.399
                   all       5000      36335      0.639      0.522      0.562      0.401
                   all       5000      36335      0.654      0.517      0.563      0.404
                   all       5000      36335      0.662      0.516      0.567      0.407
                   all       5000      36335      0.648      0.519      0.565      0.405
                   all       5000      36335       0.65      0.523      0.568      0.407
                   all       5000      36335      0.651      0.524      0.568      0.408
                   all       5000      36335      0.645       0.52      0.567      0.409
                   all       5000      36335       0.66      0.522      0.573      0.412
                   all       5000      36335      0.651      0.526      0.572       0.41
                   all       5000      36335      0.646      0.529      0.572      0.412
                   all       5000      36335      0.657      0.529      0.575      0.412
                   all       5000      36335      0.664      0.523      0.574      0.413
                   all       5000      36335      0.654      0.524      0.575      0.415
                   all       5000      36335      0.653      0.531      0.577      0.415
                   all       5000      36335      0.647      0.533      0.576      0.415
                   all       5000      36335      0.655      0.528      0.576      0.415
                   all       5000      36335      0.661      0.531      0.579      0.417
                   all       5000      36335      0.646      0.532      0.577      0.416
                   all       5000      36335      0.652       0.53      0.578      0.417
                   all       5000      36335      0.659      0.533      0.581       0.42
                   all       5000      36335      0.664      0.526      0.579      0.418
                   all       5000      36335      0.662      0.529      0.581       0.42
                   all       5000      36335       0.66      0.531       0.58      0.418
                   all       5000      36335      0.658      0.532      0.581       0.42
                   all       5000      36335      0.671      0.533      0.586      0.423
                   all       5000      36335      0.658      0.531      0.581      0.421
                   all       5000      36335      0.652      0.529      0.582       0.42
                   all       5000      36335      0.668      0.528      0.583      0.421
                   all       5000      36335      0.656       0.53      0.582      0.421
                   all       5000      36335       0.65      0.533      0.582      0.421
                   all       5000      36335      0.676      0.522      0.582      0.421
                   all       5000      36335      0.658      0.535      0.583      0.422
                   all       5000      36335      0.673      0.527      0.585      0.422
                   all       5000      36335      0.652      0.536      0.583      0.423
                   all       5000      36335      0.674      0.533      0.586      0.424
                   all       5000      36335      0.666      0.536      0.585      0.424
                   all       5000      36335      0.651      0.537      0.587      0.425
                   all       5000      36335      0.636      0.545      0.586      0.423
                   all       5000      36335      0.669       0.53      0.587      0.426
                   all       5000      36335      0.658      0.536      0.586      0.425
                   all       5000      36335      0.647       0.54      0.587      0.425
                   all       5000      36335      0.662      0.536      0.587      0.425
                   all       5000      36335      0.663      0.535      0.585      0.425
                   all       5000      36335      0.656      0.535      0.588      0.427
                   all       5000      36335      0.649      0.534      0.584      0.425
                   all       5000      36335      0.668      0.533       0.59      0.428
                   all       5000      36335      0.666      0.536      0.586      0.425
                   all       5000      36335      0.655      0.539      0.588      0.426
                   all       5000      36335      0.675      0.538      0.589      0.427
                   all       5000      36335      0.651      0.537      0.589      0.427
                   all       5000      36335      0.667      0.532      0.588      0.426
                   all       5000      36335      0.656      0.539      0.588      0.423
                   all       5000      36335      0.647      0.552      0.592      0.426
                   all       5000      36335      0.665      0.532      0.591      0.428
                   all       5000      36335      0.666      0.543      0.594      0.429
                   all       5000      36335      0.662      0.544      0.595      0.432
                   all       5000      36335       0.66      0.541      0.594       0.43
                   all       5000      36335      0.664      0.545      0.598      0.432
                   all       5000      36335      0.674      0.542      0.599      0.434
                   all       5000      36335      0.656      0.551      0.596      0.433
                   all       5000      36335      0.668      0.554      0.601      0.435
                   all       5000      36335      0.667      0.555      0.601      0.435
                   all       5000      36335       0.66      0.536      0.583      0.418
  supernet abs_w=0.5 (frac 1.000): 10.010M mAP50-95=0.4180
                   all       5000      36335      0.639      0.481      0.525      0.367
  supernet abs_w=0.375 (frac 0.750): 5.880M mAP50-95=0.3672
                   all       5000      36335      0.553      0.388      0.412      0.274
  supernet abs_w=0.25 (frac 0.500): 2.874M mAP50-95=0.2742
