[init-verify] trainer.model vs /home/rick/geta_ofa/yolo26s-objv1-150.pt: 'model.0.conv.weight' identical=True; 696/708 src tensors identical
                   all       5000      36335      0.536       0.38      0.387      0.278
                   all       5000      36335      0.616      0.475       0.51      0.368
                   all       5000      36335      0.622      0.504      0.536      0.388
                   all       5000      36335      0.638      0.507      0.551      0.399
                   all       5000      36335      0.637      0.526      0.563       0.41
                   all       5000      36335      0.639      0.534       0.57      0.414
                   all       5000      36335      0.646       0.53      0.575       0.42
                   all       5000      36335       0.65      0.538      0.582      0.426
                   all       5000      36335      0.649      0.544      0.588       0.43
                   all       5000      36335      0.663      0.537      0.589      0.432
                   all       5000      36335      0.669      0.536      0.593      0.435
                   all       5000      36335      0.665      0.544      0.595      0.436
                   all       5000      36335      0.653      0.555      0.596      0.438
                   all       5000      36335      0.663      0.551      0.599       0.44
                   all       5000      36335      0.664      0.554        0.6      0.441
                   all       5000      36335       0.67      0.552      0.601      0.442
                   all       5000      36335      0.661      0.557      0.602      0.444
                   all       5000      36335      0.668      0.556      0.603      0.444
                   all       5000      36335      0.671      0.555      0.604      0.445
                   all       5000      36335      0.672      0.554      0.605      0.446
                   all       5000      36335       0.68      0.551      0.606      0.446
                   all       5000      36335      0.676      0.553      0.607      0.447
                   all       5000      36335      0.673      0.557      0.607      0.447
                   all       5000      36335      0.675      0.558      0.608      0.448
                   all       5000      36335      0.674      0.561      0.609      0.448
                   all       5000      36335      0.681      0.557      0.611       0.45
                   all       5000      36335      0.674       0.56      0.612       0.45
                   all       5000      36335      0.672      0.563      0.614      0.452
                   all       5000      36335      0.675      0.565      0.615      0.453
                   all       5000      36335      0.678      0.564      0.616      0.454
                   all       5000      36335      0.679      0.564      0.616      0.453
                   all       5000      36335      0.679      0.564      0.617      0.454
                   all       5000      36335       0.68      0.562      0.618      0.455
                   all       5000      36335      0.683      0.563      0.619      0.456
                   all       5000      36335       0.69       0.56       0.62      0.457
                   all       5000      36335      0.692       0.56       0.62      0.457
                   all       5000      36335      0.675      0.562       0.62      0.457
                   all       5000      36335      0.668      0.568       0.62      0.457
                   all       5000      36335      0.674      0.565      0.621      0.458
                   all       5000      36335      0.668      0.571      0.622      0.459
                   all       5000      36335      0.675      0.569      0.622      0.459
                   all       5000      36335      0.672       0.57      0.622      0.459
                   all       5000      36335      0.672       0.57      0.623      0.459
                   all       5000      36335      0.685      0.563      0.623      0.459
                   all       5000      36335      0.679      0.563      0.622      0.458
                   all       5000      36335      0.678      0.559      0.619      0.456
                   all       5000      36335      0.672      0.562      0.618      0.454
                   all       5000      36335      0.666      0.569       0.62      0.456
                   all       5000      36335       0.67      0.571      0.622      0.458
                   all       5000      36335       0.67      0.571      0.623      0.459
                   all       5000      36335      0.673       0.57      0.623      0.459
                   all       5000      36335       0.67      0.575      0.624      0.459
                   all       5000      36335      0.667      0.577      0.624       0.46
                   all       5000      36335      0.662      0.578      0.625       0.46
                   all       5000      36335      0.666      0.576      0.625       0.46
                   all       5000      36335       0.67      0.575      0.625      0.461
                   all       5000      36335       0.67      0.577      0.626      0.461
                   all       5000      36335      0.671      0.575      0.626      0.462
                   all       5000      36335      0.669      0.577      0.627      0.462
                   all       5000      36335      0.672      0.574      0.627      0.462
                   all       5000      36335      0.674      0.575      0.627      0.463
                   all       5000      36335      0.685      0.571      0.629      0.464
                   all       5000      36335      0.681      0.575      0.629      0.464
                   all       5000      36335      0.684      0.575      0.629      0.465
                   all       5000      36335       0.69      0.571      0.629      0.465
                   all       5000      36335      0.684      0.575       0.63      0.465
                   all       5000      36335      0.684      0.576      0.631      0.466
                   all       5000      36335      0.683       0.58      0.632      0.467
                   all       5000      36335      0.681      0.582      0.633      0.467
                   all       5000      36335      0.682      0.579      0.632      0.467
                   all       5000      36335      0.683      0.578      0.632      0.467
                   all       5000      36335      0.684      0.578      0.631      0.467
