[init-verify] trainer.model vs /home/rick/geta_ofa/yolo26s-objv1-150.pt: 'model.0.conv.weight' identical=True; 696/708 src tensors identical
                   all       5000      36335      0.507      0.366      0.363      0.262
                   all       5000      36335      0.604      0.474      0.504      0.363
                   all       5000      36335      0.617      0.501      0.533      0.385
                   all       5000      36335      0.633      0.508      0.547      0.394
                   all       5000      36335      0.638      0.512      0.556      0.403
                   all       5000      36335      0.641       0.52       0.56      0.407
                   all       5000      36335       0.64      0.523      0.569      0.414
                   all       5000      36335      0.629      0.533      0.575      0.421
                   all       5000      36335      0.662      0.531      0.581      0.424
                   all       5000      36335       0.65       0.54      0.589      0.431
                   all       5000      36335      0.671      0.537      0.589       0.43
                   all       5000      36335      0.668      0.543      0.594      0.435
                   all       5000      36335      0.673      0.545      0.596      0.437
                   all       5000      36335      0.677      0.543      0.599       0.44
                   all       5000      36335      0.675      0.548      0.602      0.442
                   all       5000      36335      0.688      0.545      0.603      0.443
                   all       5000      36335      0.681      0.549      0.605      0.444
                   all       5000      36335      0.691      0.546      0.605      0.445
                   all       5000      36335      0.699      0.544      0.607      0.446
                   all       5000      36335      0.694      0.546      0.607      0.446
                   all       5000      36335       0.69      0.549      0.608      0.447
                   all       5000      36335      0.689      0.552       0.61      0.449
                   all       5000      36335      0.692      0.552      0.611       0.45
                   all       5000      36335       0.69      0.553      0.612       0.45
                   all       5000      36335      0.681      0.553      0.612       0.45
                   all       5000      36335      0.681      0.553      0.613      0.451
                   all       5000      36335      0.681      0.554      0.613      0.451
                   all       5000      36335       0.68      0.553      0.613      0.452
                   all       5000      36335      0.678      0.555      0.614      0.452
                   all       5000      36335      0.678      0.557      0.615      0.453
                   all       5000      36335      0.675      0.559      0.616      0.453
                   all       5000      36335      0.678      0.558      0.616      0.454
                   all       5000      36335      0.679       0.56      0.616      0.454
                   all       5000      36335      0.684      0.559      0.617      0.455
                   all       5000      36335       0.68      0.561      0.618      0.455
                   all       5000      36335      0.687      0.558      0.619      0.456
                   all       5000      36335      0.685       0.56       0.62      0.457
                   all       5000      36335      0.688      0.561       0.62      0.457
                   all       5000      36335      0.686      0.563      0.621      0.458
                   all       5000      36335      0.684      0.564      0.622      0.458
                   all       5000      36335      0.685      0.565      0.622      0.459
                   all       5000      36335      0.686      0.564      0.622      0.459
                   all       5000      36335      0.684      0.565      0.622      0.459
                   all       5000      36335      0.683      0.567      0.623      0.459
                   all       5000      36335       0.68      0.568      0.623       0.46
                   all       5000      36335       0.68      0.568      0.623       0.46
                   all       5000      36335      0.679      0.569      0.623       0.46
                   all       5000      36335      0.679      0.568      0.623       0.46
                   all       5000      36335      0.679      0.568      0.624       0.46
                   all       5000      36335      0.682      0.567      0.624       0.46
                   all       5000      36335      0.684      0.567      0.625      0.461
                   all       5000      36335      0.685      0.567      0.625      0.461
                   all       5000      36335      0.683      0.567      0.625      0.461
                   all       5000      36335      0.682       0.57      0.625       0.46
                   all       5000      36335       0.68      0.571      0.625       0.46
                   all       5000      36335      0.685      0.568      0.626      0.461
                   all       5000      36335      0.691      0.567      0.626      0.461
                   all       5000      36335       0.69      0.566      0.626      0.462
                   all       5000      36335      0.689      0.566      0.627      0.462
                   all       5000      36335      0.692      0.566      0.628      0.463
                   all       5000      36335      0.688      0.568      0.629      0.463
                   all       5000      36335      0.689      0.571      0.629      0.464
                   all       5000      36335      0.686      0.573      0.631      0.465
                   all       5000      36335      0.683      0.577      0.632      0.466
                   all       5000      36335      0.687      0.577      0.632      0.466
                   all       5000      36335      0.687      0.578      0.632      0.466
                   all       5000      36335      0.688       0.58      0.633      0.467
                   all       5000      36335      0.693      0.577      0.633      0.467
                   all       5000      36335      0.692      0.579      0.633      0.468
                   all       5000      36335      0.689      0.581      0.633      0.467
                   all       5000      36335      0.691      0.579      0.633      0.468
                   all       5000      36335      0.686      0.582      0.634      0.467
